:Basic.Circle_AppElements_Button	{container=':Sketch.Basic_AppElements_MenuGroupPanel' text='Circle' type='AppElements_Button' unnamed='1' visible='1'}
:Basic.Line_AppElements_Button	{container=':Sketch.Basic_AppElements_MenuGroupPanel' text='Line' type='AppElements_Button' unnamed='1' visible='1'}
:Basic.Point_AppElements_Button	{container=':Sketch.Basic_AppElements_MenuGroupPanel' text='Point' type='AppElements_Button' unnamed='1' visible='1'}
:Basic.Sketch_AppElements_Button	{container=':Sketch.Basic_AppElements_MenuGroupPanel' text='Sketch' type='AppElements_Button' unnamed='1' visible='1'}
:Center.X:_ModuleBase_ParamSpinBox	{container=':Circle.Center_QGroupBox' leftWidget=':Center.X:_QLabel' type='ModuleBase_ParamSpinBox' unnamed='1' visible='1'}
:Center.X:_QLabel	{container=':Circle.Center_QGroupBox' text='X ' type='QLabel' unnamed='1' visible='1'}
:Center.Y:_ModuleBase_ParamSpinBox	{container=':Circle.Center_QGroupBox' leftWidget=':Center.Y:_QLabel' type='ModuleBase_ParamSpinBox' unnamed='1' visible='1'}
:Center.Y:_QLabel	{container=':Circle.Center_QGroupBox' text='Y ' type='QLabel' unnamed='1' visible='1'}
:Circle.Center_QGroupBox	{container=':OpenParts*.Circle_XGUI_PropertyPanel' title='Center' type='QGroupBox' unnamed='1' visible='1'}
:Circle.CircleRadius_ModuleBase_ParamSpinBox	{container=':OpenParts*.Circle_XGUI_PropertyPanel' name='CircleRadius' type='ModuleBase_ParamSpinBox' visible='1'}
:Circle.property_panel_ok_QToolButton	{container=':OpenParts*.Circle_XGUI_PropertyPanel' name='property_panel_ok' type='QToolButton' visible='1'}
:Circle.qt_spinbox_lineedit_QLineEdit	{container=':OpenParts*.Circle_XGUI_PropertyPanel' name='qt_spinbox_lineedit' occurrence='3' type='QLineEdit' visible='1'}
:Constraints.Distance_AppElements_Button	{container=':Sketch.Constraints_AppElements_MenuGroupPanel' text='Distance' type='AppElements_Button' unnamed='1' visible='1'}
:Delete features.Label_QLabel	{name='qt_msgbox_label' type='QLabel' visible='1' window=':Delete features_QMessageBox'}
:Delete features.Yes_QPushButton	{text='Yes' type='QPushButton' unnamed='1' visible='1' window=':Delete features_QMessageBox'}
:Delete features_QMessageBox	{type='QMessageBox' unnamed='1' visible='1' windowTitle='Delete features'}
:Distance.ConstraintValue_ModuleBase_ParamSpinBox	{container=':OpenParts*.Distance_XGUI_PropertyPanel' name='ConstraintValue' type='ModuleBase_ParamSpinBox' visible='1'}
:Distance.First object_QLabel	{container=':OpenParts*.Distance_XGUI_PropertyPanel' text='First object' type='QLabel' unnamed='1' visible='1'}
:Distance.First object_QLineEdit	{container=':OpenParts*.Distance_XGUI_PropertyPanel' leftWidget=':Distance.First object_QLabel' type='QLineEdit' unnamed='1' visible='1'}
:Distance.Second object_QLabel	{container=':OpenParts*.Distance_XGUI_PropertyPanel' text='Second object' type='QLabel' unnamed='1' visible='1'}
:Distance.Second object_QLineEdit	{container=':OpenParts*.Distance_XGUI_PropertyPanel' leftWidget=':Distance.Second object_QLabel' type='QLineEdit' unnamed='1' visible='1'}
:End point.X:_ModuleBase_ParamSpinBox	{container=':Line.End point_QGroupBox' leftWidget=':End point.X:_QLabel' type='ModuleBase_ParamSpinBox' unnamed='1' visible='1'}
:End point.X:_QLabel	{container=':Line.End point_QGroupBox' text='X ' type='QLabel' unnamed='1' visible='1'}
:End point.Y:_ModuleBase_ParamSpinBox	{container=':Line.End point_QGroupBox' leftWidget=':End point.Y:_QLabel' type='ModuleBase_ParamSpinBox' unnamed='1' visible='1'}
:End point.Y:_QLabel	{container=':Line.End point_QGroupBox' text='Y ' type='QLabel' unnamed='1' visible='1'}
:End point.qt_spinbox_lineedit_QLineEdit	{container=':Line.End point_QGroupBox' name='qt_spinbox_lineedit' type='QLineEdit' visible='1'}
:End point.qt_spinbox_lineedit_QLineEdit_2	{container=':Line.End point_QGroupBox' name='qt_spinbox_lineedit' occurrence='2' type='QLineEdit' visible='1'}
:Extrusion.Extrusion_AppElements_Button	{container=':Features.Extrusion_AppElements_MenuGroupPanel' text='Extrusion' type='AppElements_Button' unnamed='1' visible='1'}
:Extrusion.Select a sketch face_QLabel	{container=':OpenParts*.Extrusion_XGUI_PropertyPanel' text='Select a sketch face' type='QLabel' unnamed='1' visible='1'}
:Extrusion.Select a sketch face_QListWidget	{aboveWidget=':Extrusion.Select a sketch face_QLabel' container=':OpenParts*.Extrusion_XGUI_PropertyPanel' type='QListWidget' unnamed='1' visible='1'}
:Extrusion.property_panel_ok_QToolButton	{container=':OpenParts*.Extrusion_XGUI_PropertyPanel' name='property_panel_ok' type='QToolButton' visible='1'}
:Extrusion_ModuleBase_PageWidget	{container=':OpenParts*.Extrusion_XGUI_PropertyPanel' occurrence='2' type='ModuleBase_PageWidget' unnamed='1' visible='1'}
:Features.Extrusion_AppElements_MenuGroupPanel	{container=':qt_tabwidget_stackedwidget.Features_AppElements_Workbench' name='Extrusion' type='AppElements_MenuGroupPanel' visible='1'}
:General.qt_tabwidget_stackedwidget_QStackedWidget	{container=':OpenParts*.General_AppElements_DockWidget' name='qt_tabwidget_stackedwidget' type='QStackedWidget' visible='1'}
:General.qt_tabwidget_tabbar_QTabBar	{container=':OpenParts*.General_AppElements_DockWidget' name='qt_tabwidget_tabbar' type='QTabBar' visible='1'}
:Line.End point_QGroupBox	{container=':OpenParts*.Line_XGUI_PropertyPanel' title='End point' type='QGroupBox' unnamed='1' visible='1'}
:Line.Start point_QGroupBox	{container=':OpenParts*.Line_XGUI_PropertyPanel' title='Start point' type='QGroupBox' unnamed='1' visible='1'}
:Line.property_panel_ok_QToolButton	{container=':OpenParts*.Line_XGUI_PropertyPanel' name='property_panel_ok' type='QToolButton' visible='1'}
:Object browser_XGUI_DataTree	{container=':OpenParts*.Object browser_QDockWidget' type='XGUI_DataTree' unnamed='1' visible='1'}
:OpenParts*.Circle_XGUI_PropertyPanel	{name='property_panel_dock' type='XGUI_PropertyPanel' visible='1' window=':OpenParts*_AppElements_MainWindow' windowTitle='Circle'}
:OpenParts*.Distance_XGUI_PropertyPanel	{name='property_panel_dock' type='XGUI_PropertyPanel' visible='1' window=':OpenParts*_AppElements_MainWindow' windowTitle='Distance'}
:OpenParts*.Extrusion_XGUI_PropertyPanel	{name='property_panel_dock' type='XGUI_PropertyPanel' visible='1' window=':OpenParts*_AppElements_MainWindow' windowTitle='Extrusion'}
:OpenParts*.General_AppElements_DockWidget	{type='AppElements_DockWidget' unnamed='1' visible='1' window=':OpenParts*_AppElements_MainWindow' windowTitle='General'}
:OpenParts*.Line_XGUI_PropertyPanel	{name='property_panel_dock' type='XGUI_PropertyPanel' visible='1' window=':OpenParts*_AppElements_MainWindow' windowTitle='Line'}
:OpenParts*.Object browser_QDockWidget	{type='QDockWidget' unnamed='1' visible='1' window=':OpenParts*_AppElements_MainWindow' windowTitle='Object browser'}
:OpenParts*.Parameter_XGUI_PropertyPanel	{name='property_panel_dock' type='XGUI_PropertyPanel' visible='1' window=':OpenParts*_AppElements_MainWindow' windowTitle='Parameter'}
:OpenParts*.Point_XGUI_PropertyPanel	{name='property_panel_dock' type='XGUI_PropertyPanel' visible='1' window=':OpenParts*_AppElements_MainWindow' windowTitle='Point'}
:OpenParts*.Sketch_XGUI_PropertyPanel	{name='property_panel_dock' type='XGUI_PropertyPanel' visible='1' window=':OpenParts*_AppElements_MainWindow' windowTitle='Sketch'}
:OpenParts*_AppElements_MainWindow	{type='AppElements_MainWindow' unnamed='1' visible='1' windowTitle?='OpenParts*'}
:OpenParts*_AppElements_ViewPort	{type='AppElements_ViewPort' unnamed='1' visible='1' window=':OpenParts*_AppElements_MainWindow'}
:Operations.New part_AppElements_Button	{container=':Part.Operations_AppElements_MenuGroupPanel' text='New part' type='AppElements_Button' unnamed='1' visible='1'}
:Parameter.property_panel_ok_QToolButton	{container=':OpenParts*.Parameter_XGUI_PropertyPanel' name='property_panel_ok' type='QToolButton' visible='1'}
:Parameter_ExpressionEditor	{container=':OpenParts*.Parameter_XGUI_PropertyPanel' type='ExpressionEditor' unnamed='1' visible='1'}
:Parameter_QLineEdit	{container=':OpenParts*.Parameter_XGUI_PropertyPanel' type='QLineEdit' unnamed='1' visible='1'}
:Parameters.Parameter_AppElements_Button	{container=':Part.Parameters_AppElements_MenuGroupPanel' text='Parameter' type='AppElements_Button' unnamed='1' visible='1'}
:Part.Operations_AppElements_MenuGroupPanel	{container=':qt_tabwidget_stackedwidget.Part_AppElements_Workbench' name='Operations' type='AppElements_MenuGroupPanel' visible='1'}
:Part.Parameters_AppElements_MenuGroupPanel	{container=':qt_tabwidget_stackedwidget.Part_AppElements_Workbench' name='Parameters' type='AppElements_MenuGroupPanel' visible='1'}
:Point.Point_QGroupBox	{container=':OpenParts*.Point_XGUI_PropertyPanel' title='Point' type='QGroupBox' unnamed='1' visible='1'}
:Point.X:_ModuleBase_ParamSpinBox	{container=':Point.Point_QGroupBox' leftWidget=':Point.X:_QLabel' type='ModuleBase_ParamSpinBox' unnamed='1' visible='1'}
:Point.X:_QLabel	{container=':Point.Point_QGroupBox' text='X ' type='QLabel' unnamed='1' visible='1'}
:Point.Y:_ModuleBase_ParamSpinBox	{container=':Point.Point_QGroupBox' leftWidget=':Point.Y:_QLabel' type='ModuleBase_ParamSpinBox' unnamed='1' visible='1'}
:Point.Y:_QLabel	{container=':Point.Point_QGroupBox' text='Y ' type='QLabel' unnamed='1' visible='1'}
:Point.property_panel_ok_QToolButton	{container=':OpenParts*.Point_XGUI_PropertyPanel' name='property_panel_ok' type='QToolButton' visible='1'}
:Point.qt_spinbox_lineedit_QLineEdit	{container=':Point.Point_QGroupBox' name='qt_spinbox_lineedit' type='QLineEdit' visible='1'}
:Point.qt_spinbox_lineedit_QLineEdit_2	{container=':Point.Point_QGroupBox' name='qt_spinbox_lineedit' occurrence='2' type='QLineEdit' visible='1'}
:Sketch.Basic_AppElements_MenuGroupPanel	{container=':qt_tabwidget_stackedwidget.Sketch_AppElements_Workbench' name='Basic' type='AppElements_MenuGroupPanel' visible='1'}
:Sketch.Constraints_AppElements_MenuGroupPanel	{container=':qt_tabwidget_stackedwidget.Sketch_AppElements_Workbench' name='Constraints' type='AppElements_MenuGroupPanel' visible='1'}
:Sketch.Ok_QToolButton	{container=':Sketch.Basic_AppElements_MenuGroupPanel' occurrence='6' type='QToolButton' unnamed='1' visible='1'}
:Sketch.property_panel_ok_QToolButton	{container=':OpenParts*.Sketch_XGUI_PropertyPanel' name='property_panel_ok' type='QToolButton' visible='1'}
:Sketch_QScrollArea	{container=':qt_tabwidget_stackedwidget.Sketch_AppElements_Workbench' type='QScrollArea' unnamed='1' visible='1'}
:Start point.X:_ModuleBase_ParamSpinBox	{container=':Line.Start point_QGroupBox' leftWidget=':Start point.X:_QLabel' type='ModuleBase_ParamSpinBox' unnamed='1' visible='1'}
:Start point.X:_QLabel	{container=':Line.Start point_QGroupBox' text='X ' type='QLabel' unnamed='1' visible='1'}
:Start point.Y:_ModuleBase_ParamSpinBox	{container=':Line.Start point_QGroupBox' leftWidget=':Start point.Y:_QLabel' type='ModuleBase_ParamSpinBox' unnamed='1' visible='1'}
:Start point.Y:_QLabel	{container=':Line.Start point_QGroupBox' text='Y ' type='QLabel' unnamed='1' visible='1'}
:Start point.qt_spinbox_lineedit_QLineEdit	{container=':Line.Start point_QGroupBox' name='qt_spinbox_lineedit' type='QLineEdit' visible='1'}
:Start point.qt_spinbox_lineedit_QLineEdit_2	{container=':Line.Start point_QGroupBox' name='qt_spinbox_lineedit' occurrence='2' type='QLineEdit' visible='1'}
:_ModuleBase_ParamSpinBox	{type='ModuleBase_ParamSpinBox' unnamed='1' visible='1' window=':_QDialog'}
:_QDialog	{type='QDialog' unnamed='1' visible='1'}
:_QMenu	{type='QMenu' unnamed='1' visible='1'}
:qt_tabwidget_stackedwidget.Features_AppElements_Workbench	{container=':General.qt_tabwidget_stackedwidget_QStackedWidget' name='Features' type='AppElements_Workbench' visible='1'}
:qt_tabwidget_stackedwidget.Part_AppElements_Workbench	{container=':General.qt_tabwidget_stackedwidget_QStackedWidget' name='Part' type='AppElements_Workbench' visible='1'}
:qt_tabwidget_stackedwidget.Sketch_AppElements_Workbench	{container=':General.qt_tabwidget_stackedwidget_QStackedWidget' name='Sketch' type='AppElements_Workbench' visible='1'}
:to_size_ModuleBase_ParamSpinBox	{container=':Extrusion_ModuleBase_PageWidget' name='to_size' type='ModuleBase_ParamSpinBox' visible='1'}
